Running the given python code for graph problems larger than size 7 throw the error pasted below. This script just converts a graph into an Ising problem, which is then run using ising qaoa. This was done on a Linux OS.
CODE:
from grove.ising.ising_qaoa import ising
import networkx as nx
import matplotlib.pyplot as plt
G = nx.gnp_random_graph(7, 0.8274578)
GC = nx.algorithms.operators.unary.complement(G)
nx.draw(G, with_labels=True)
h = []
J = {}
for i in list(G.nodes()):
h.append(-1)
for a in list(G.edges()):
J[a] = 0
for a in list(GC.edges()):
J[a] = 2
print(ising(h, J))
print(h)
print(J)
plt.show()
ERROR:
WARNING: Fast method for expectation will be used. Noise
models will be ineffective
Traceback (most recent call last):
File "/root/rigetti_opt/pyquil/api/_base_connection.py", line 104, in parse_error
body = res.json()
File "/root/anaconda3/lib/python3.6/site-packages/requests/models.py", line 892, in json
return complexjson.loads(self.text, **kwargs)
File "/root/anaconda3/lib/python3.6/json/init.py", line 354, in loads
return _default_decoder.decode(s)
File "/root/anaconda3/lib/python3.6/json/decoder.py", line 339, in decode
obj, end = self.raw_decode(s, idx=_w(s, 0).end())
File "/root/anaconda3/lib/python3.6/json/decoder.py", line 357, in raw_decode
raise JSONDecodeError("Expecting value", s, err.value) from None
json.decoder.JSONDecodeError: Expecting value: line 1 column 1 (char 0)
During handling of the above exception, another exception occurred:
Traceback (most recent call last):
File "mc_ising_test.py", line 17, in 
print(ising(h, J))
File "/root/rigetti_opt/grove/ising/ising_qaoa.py", line 121, in ising
betas, gammas = qaoa_inst.get_angles()
File "/root/rigetti_opt/grove/pyqaoa/qaoa.py", line 191, in get_angles
**self.vqe_options)
File "/root/rigetti_opt/grove/pyvqe/vqe.py", line 172, in vqe_run
result = self.minimizer(args, **self.minimizer_kwargs)
File "/root/anaconda3/lib/python3.6/site-packages/scipy/optimize/_minimize.py", line 591, in minimize
return _minimize_neldermead(fun, x0, args, callback, **options)
File "/root/anaconda3/lib/python3.6/site-packages/scipy/optimize/optimize.py", line 552, in _minimize_neldermead
fsim[k] = func(sim[k])
File "/root/anaconda3/lib/python3.6/site-packages/scipy/optimize/optimize.py", line 293, in function_wrapper
return function((wrapper_args + args))
File "/root/rigetti_opt/grove/pyvqe/vqe.py", line 145, in objective_function
mean_value = self.expectation(pyquil_prog, hamiltonian, samples, qvm)
File "/root/rigetti_opt/grove/pyvqe/vqe.py", line 237, in expectation
operator_programs=operator_progs)
File "/root/rigetti_opt/pyquil/api/qvm.py", line 349, in expectation
response = post_json(self.session, self.sync_endpoint + "/qvm", payload)
File "/root/rigetti_opt/pyquil/api/_base_connection.py", line 92, in post_json
raise parse_error(res)
File "/root/rigetti_opt/pyquil/api/_base_connection.py", line 106, in parse_error
raise UnknownApiError(res.text)
pyquil.api.errors.UnknownApiError: 
The server has failed to return a proper response. Please describe the problem
and copy the above message into a GitHub issue at:
https://github.com/rigetticomputing/pyquil/issues
Hi @Epulsar, is this error persisting when running on the downloadable QVM?
